Archive member included because of file (symbol)

c:/program files (x86)/gnu tools arm embedded/4.8 2014q2/bin/../lib/gcc/arm-none-eabi/4.8.4/armv7e-m\libgcc.a(_arm_addsubdf3.o)
                              ..\obj\bsp.o (__aeabi_i2d)
c:/program files (x86)/gnu tools arm embedded/4.8 2014q2/bin/../lib/gcc/arm-none-eabi/4.8.4/armv7e-m\libgcc.a(_arm_muldivdf3.o)
                              ..\obj\bsp.o (__aeabi_dmul)
c:/program files (x86)/gnu tools arm embedded/4.8 2014q2/bin/../lib/gcc/arm-none-eabi/4.8.4/armv7e-m\libgcc.a(_arm_fixunsdfsi.o)
                              ..\obj\bsp.o (__aeabi_d2uiz)

Discarded input sections

 .text          0x00000000        0x0 ..\obj\stm32f4xx_syscfg.o
 .data          0x00000000        0x0 ..\obj\stm32f4xx_syscfg.o
 .bss           0x00000000        0x0 ..\obj\stm32f4xx_syscfg.o
 .text.SYSCFG_DeInit
                0x00000000       0x1c ..\obj\stm32f4xx_syscfg.o
 .text.SYSCFG_MemoryRemapConfig
                0x00000000       0x20 ..\obj\stm32f4xx_syscfg.o
 .text.SYSCFG_ETH_MediaInterfaceConfig
                0x00000000       0x1c ..\obj\stm32f4xx_syscfg.o
 .text.SYSCFG_CompensationCellCmd
                0x00000000       0x20 ..\obj\stm32f4xx_syscfg.o
 .text.SYSCFG_GetCompensationCellStatus
                0x00000000       0x34 ..\obj\stm32f4xx_syscfg.o
 .text          0x00000000        0x0 ..\obj\stm32f4xx_usart.o
 .data          0x00000000        0x0 ..\obj\stm32f4xx_usart.o
 .bss           0x00000000        0x0 ..\obj\stm32f4xx_usart.o
 .text.USART_DeInit
                0x00000000       0xd0 ..\obj\stm32f4xx_usart.o
 .text.USART_StructInit
                0x00000000       0x38 ..\obj\stm32f4xx_usart.o
 .text.USART_ClockInit
                0x00000000       0x54 ..\obj\stm32f4xx_usart.o
 .text.USART_ClockStructInit
                0x00000000       0x2c ..\obj\stm32f4xx_usart.o
 .text.USART_SetPrescaler
                0x00000000       0x38 ..\obj\stm32f4xx_usart.o
 .text.USART_OverSampling8Cmd
                0x00000000       0x44 ..\obj\stm32f4xx_usart.o
 .text.USART_OneBitMethodCmd
                0x00000000       0x40 ..\obj\stm32f4xx_usart.o
 .text.USART_SendData
                0x00000000       0x24 ..\obj\stm32f4xx_usart.o
 .text.USART_ReceiveData
                0x00000000       0x20 ..\obj\stm32f4xx_usart.o
 .text.USART_SetAddress
                0x00000000       0x38 ..\obj\stm32f4xx_usart.o
 .text.USART_ReceiverWakeUpCmd
                0x00000000       0x40 ..\obj\stm32f4xx_usart.o
 .text.USART_WakeUpConfig
                0x00000000       0x38 ..\obj\stm32f4xx_usart.o
 .text.USART_LINBreakDetectLengthConfig
                0x00000000       0x38 ..\obj\stm32f4xx_usart.o
 .text.USART_LINCmd
                0x00000000       0x40 ..\obj\stm32f4xx_usart.o
 .text.USART_SendBreak
                0x00000000       0x24 ..\obj\stm32f4xx_usart.o
 .text.USART_HalfDuplexCmd
                0x00000000       0x40 ..\obj\stm32f4xx_usart.o
 .text.USART_SetGuardTime
                0x00000000       0x3c ..\obj\stm32f4xx_usart.o
 .text.USART_SmartCardCmd
                0x00000000       0x40 ..\obj\stm32f4xx_usart.o
 .text.USART_SmartCardNACKCmd
                0x00000000       0x40 ..\obj\stm32f4xx_usart.o
 .text.USART_IrDAConfig
                0x00000000       0x38 ..\obj\stm32f4xx_usart.o
 .text.USART_IrDACmd
                0x00000000       0x40 ..\obj\stm32f4xx_usart.o
 .text.USART_DMACmd
                0x00000000       0x48 ..\obj\stm32f4xx_usart.o
 .text.USART_ITConfig
                0x00000000       0x90 ..\obj\stm32f4xx_usart.o
 .text.USART_GetFlagStatus
                0x00000000       0x38 ..\obj\stm32f4xx_usart.o
 .text.USART_ClearFlag
                0x00000000       0x20 ..\obj\stm32f4xx_usart.o
 .text.USART_GetITStatus
                0x00000000       0xb0 ..\obj\stm32f4xx_usart.o
 .text.USART_ClearITPendingBit
                0x00000000       0x38 ..\obj\stm32f4xx_usart.o
 .text          0x00000000        0x0 ..\obj\startup_stm32f4xx.o
 .data          0x00000000        0x0 ..\obj\startup_stm32f4xx.o
 .bss           0x00000000        0x0 ..\obj\startup_stm32f4xx.o
 .text          0x00000000        0x0 ..\obj\main.o
 .data          0x00000000        0x2 ..\obj\main.o
 .bss           0x00000000        0x0 ..\obj\main.o
 .text.pulsoLed
                0x00000000       0x28 ..\obj\main.o
 .text.delay    0x00000000       0x20 ..\obj\main.o
 .text.APP_ISR_1ms
                0x00000000       0x2c ..\obj\main.o
 .text          0x00000000        0x0 ..\obj\stm32f4xx_rcc.o
 .bss           0x00000000        0x0 ..\obj\stm32f4xx_rcc.o
 .text.RCC_DeInit
                0x00000000       0x50 ..\obj\stm32f4xx_rcc.o
 .text.RCC_HSEConfig
                0x00000000       0x24 ..\obj\stm32f4xx_rcc.o
 .text.RCC_WaitForHSEStartUp
                0x00000000       0x50 ..\obj\stm32f4xx_rcc.o
 .text.RCC_AdjustHSICalibrationValue
                0x00000000       0x3c ..\obj\stm32f4xx_rcc.o
 .text.RCC_HSICmd
                0x00000000       0x20 ..\obj\stm32f4xx_rcc.o
 .text.RCC_LSEConfig
                0x00000000       0x40 ..\obj\stm32f4xx_rcc.o
 .text.RCC_LSICmd
                0x00000000       0x20 ..\obj\stm32f4xx_rcc.o
 .text.RCC_PLLConfig
                0x00000000       0x3c ..\obj\stm32f4xx_rcc.o
 .text.RCC_PLLCmd
                0x00000000       0x20 ..\obj\stm32f4xx_rcc.o
 .text.RCC_PLLI2SConfig
                0x00000000       0x28 ..\obj\stm32f4xx_rcc.o
 .text.RCC_PLLI2SCmd
                0x00000000       0x20 ..\obj\stm32f4xx_rcc.o
 .text.RCC_ClockSecuritySystemCmd
                0x00000000       0x20 ..\obj\stm32f4xx_rcc.o
 .text.RCC_MCO1Config
                0x00000000       0x3c ..\obj\stm32f4xx_rcc.o
 .text.RCC_MCO2Config
                0x00000000       0x3c ..\obj\stm32f4xx_rcc.o
 .text.RCC_SYSCLKConfig
                0x00000000       0x38 ..\obj\stm32f4xx_rcc.o
 .text.RCC_GetSYSCLKSource
                0x00000000       0x20 ..\obj\stm32f4xx_rcc.o
 .text.RCC_HCLKConfig
                0x00000000       0x38 ..\obj\stm32f4xx_rcc.o
 .text.RCC_PCLK1Config
                0x00000000       0x38 ..\obj\stm32f4xx_rcc.o
 .text.RCC_PCLK2Config
                0x00000000       0x38 ..\obj\stm32f4xx_rcc.o
 .text.RCC_RTCCLKConfig
                0x00000000       0x5c ..\obj\stm32f4xx_rcc.o
 .text.RCC_RTCCLKCmd
                0x00000000       0x20 ..\obj\stm32f4xx_rcc.o
 .text.RCC_BackupResetCmd
                0x00000000       0x20 ..\obj\stm32f4xx_rcc.o
 .text.RCC_I2SCLKConfig
                0x00000000       0x1c ..\obj\stm32f4xx_rcc.o
 .text.RCC_AHB2PeriphClockCmd
                0x00000000       0x3c ..\obj\stm32f4xx_rcc.o
 .text.RCC_AHB3PeriphClockCmd
                0x00000000       0x3c ..\obj\stm32f4xx_rcc.o
 .text.RCC_AHB1PeriphResetCmd
                0x00000000       0x3c ..\obj\stm32f4xx_rcc.o
 .text.RCC_AHB2PeriphResetCmd
                0x00000000       0x3c ..\obj\stm32f4xx_rcc.o
 .text.RCC_AHB3PeriphResetCmd
                0x00000000       0x3c ..\obj\stm32f4xx_rcc.o
 .text.RCC_APB1PeriphResetCmd
                0x00000000       0x3c ..\obj\stm32f4xx_rcc.o
 .text.RCC_APB2PeriphResetCmd
                0x00000000       0x3c ..\obj\stm32f4xx_rcc.o
 .text.RCC_AHB1PeriphClockLPModeCmd
                0x00000000       0x3c ..\obj\stm32f4xx_rcc.o
 .text.RCC_AHB2PeriphClockLPModeCmd
                0x00000000       0x3c ..\obj\stm32f4xx_rcc.o
 .text.RCC_AHB3PeriphClockLPModeCmd
                0x00000000       0x3c ..\obj\stm32f4xx_rcc.o
 .text.RCC_APB1PeriphClockLPModeCmd
                0x00000000       0x3c ..\obj\stm32f4xx_rcc.o
 .text.RCC_APB2PeriphClockLPModeCmd
                0x00000000       0x3c ..\obj\stm32f4xx_rcc.o
 .text.RCC_ITConfig
                0x00000000       0x48 ..\obj\stm32f4xx_rcc.o
 .text.RCC_GetFlagStatus
                0x00000000       0x74 ..\obj\stm32f4xx_rcc.o
 .text.RCC_ClearFlag
                0x00000000       0x1c ..\obj\stm32f4xx_rcc.o
 .text.RCC_GetITStatus
                0x00000000       0x38 ..\obj\stm32f4xx_rcc.o
 .text.RCC_ClearITPendingBit
                0x00000000       0x20 ..\obj\stm32f4xx_rcc.o
 .text          0x00000000        0x0 ..\obj\stm32f4xx_adc.o
 .data          0x00000000        0x0 ..\obj\stm32f4xx_adc.o
 .bss           0x00000000        0x0 ..\obj\stm32f4xx_adc.o
 .text.ADC_DeInit
                0x00000000       0x1c ..\obj\stm32f4xx_adc.o
 .text.ADC_AnalogWatchdogCmd
                0x00000000       0x38 ..\obj\stm32f4xx_adc.o
 .text.ADC_AnalogWatchdogThresholdsConfig
                0x00000000       0x28 ..\obj\stm32f4xx_adc.o
 .text.ADC_AnalogWatchdogSingleChannelConfig
                0x00000000       0x38 ..\obj\stm32f4xx_adc.o
 .text.ADC_TempSensorVrefintCmd
                0x00000000       0x38 ..\obj\stm32f4xx_adc.o
 .text.ADC_VBATCmd
                0x00000000       0x38 ..\obj\stm32f4xx_adc.o
 .text.ADC_GetSoftwareStartConvStatus
                0x00000000       0x30 ..\obj\stm32f4xx_adc.o
 .text.ADC_EOCOnEachRegularChannelCmd
                0x00000000       0x38 ..\obj\stm32f4xx_adc.o
 .text.ADC_ContinuousModeCmd
                0x00000000       0x38 ..\obj\stm32f4xx_adc.o
 .text.ADC_DiscModeChannelCountConfig
                0x00000000       0x44 ..\obj\stm32f4xx_adc.o
 .text.ADC_DiscModeCmd
                0x00000000       0x38 ..\obj\stm32f4xx_adc.o
 .text.ADC_GetMultiModeConversionValue
                0x00000000       0x18 ..\obj\stm32f4xx_adc.o
 .text.ADC_DMACmd
                0x00000000       0x38 ..\obj\stm32f4xx_adc.o
 .text.ADC_DMARequestAfterLastTransferCmd
                0x00000000       0x38 ..\obj\stm32f4xx_adc.o
 .text.ADC_MultiModeDMARequestAfterLastTransferCmd
                0x00000000       0x38 ..\obj\stm32f4xx_adc.o
 .text.ADC_InjectedChannelConfig
                0x00000000      0x114 ..\obj\stm32f4xx_adc.o
 .text.ADC_InjectedSequencerLengthConfig
                0x00000000       0x44 ..\obj\stm32f4xx_adc.o
 .text.ADC_SetInjectedOffset
                0x00000000       0x30 ..\obj\stm32f4xx_adc.o
 .text.ADC_ExternalTrigInjectedConvConfig
                0x00000000       0x34 ..\obj\stm32f4xx_adc.o
 .text.ADC_ExternalTrigInjectedConvEdgeConfig
                0x00000000       0x34 ..\obj\stm32f4xx_adc.o
 .text.ADC_SoftwareStartInjectedConv
                0x00000000       0x20 ..\obj\stm32f4xx_adc.o
 .text.ADC_GetSoftwareStartInjectedConvCmdStatus
                0x00000000       0x30 ..\obj\stm32f4xx_adc.o
 .text.ADC_AutoInjectedConvCmd
                0x00000000       0x38 ..\obj\stm32f4xx_adc.o
 .text.ADC_InjectedDiscModeCmd
                0x00000000       0x38 ..\obj\stm32f4xx_adc.o
 .text.ADC_GetInjectedConversionValue
                0x00000000       0x30 ..\obj\stm32f4xx_adc.o
 .text.ADC_ITConfig
                0x00000000       0x50 ..\obj\stm32f4xx_adc.o
 .text.ADC_ClearFlag
                0x00000000       0x20 ..\obj\stm32f4xx_adc.o
 .text.ADC_GetITStatus
                0x00000000       0x5c ..\obj\stm32f4xx_adc.o
 .text.ADC_ClearITPendingBit
                0x00000000       0x2c ..\obj\stm32f4xx_adc.o
 .text          0x00000000        0x0 ..\obj\stm32f4xx_gpio.o
 .data          0x00000000        0x0 ..\obj\stm32f4xx_gpio.o
 .bss           0x00000000        0x0 ..\obj\stm32f4xx_gpio.o
 .text.GPIO_DeInit
                0x00000000      0x120 ..\obj\stm32f4xx_gpio.o
 .text.GPIO_PinLockConfig
                0x00000000       0x44 ..\obj\stm32f4xx_gpio.o
 .text.GPIO_ReadInputDataBit
                0x00000000       0x34 ..\obj\stm32f4xx_gpio.o
 .text.GPIO_ReadInputData
                0x00000000       0x1c ..\obj\stm32f4xx_gpio.o
 .text.GPIO_ReadOutputDataBit
                0x00000000       0x34 ..\obj\stm32f4xx_gpio.o
 .text.GPIO_ReadOutputData
                0x00000000       0x1c ..\obj\stm32f4xx_gpio.o
 .text.GPIO_WriteBit
                0x00000000       0x30 ..\obj\stm32f4xx_gpio.o
 .text.GPIO_Write
                0x00000000       0x1c ..\obj\stm32f4xx_gpio.o
 .text.GPIO_ToggleBits
                0x00000000       0x24 ..\obj\stm32f4xx_gpio.o
 .text          0x00000000        0x0 ..\obj\system_stm32f4xx.o
 .data          0x00000000       0x14 ..\obj\system_stm32f4xx.o
 .bss           0x00000000        0x0 ..\obj\system_stm32f4xx.o
 .text.SystemInit
                0x00000000       0x58 ..\obj\system_stm32f4xx.o
 .text.SystemCoreClockUpdate
                0x00000000       0xf8 ..\obj\system_stm32f4xx.o
 .text.SetSysClock
                0x00000000       0xf4 ..\obj\system_stm32f4xx.o
 .debug_info    0x00000000      0x592 ..\obj\system_stm32f4xx.o
 .debug_abbrev  0x00000000      0x136 ..\obj\system_stm32f4xx.o
 .debug_aranges
                0x00000000       0x30 ..\obj\system_stm32f4xx.o
 .debug_ranges  0x00000000       0x20 ..\obj\system_stm32f4xx.o
 .debug_line    0x00000000      0x24e ..\obj\system_stm32f4xx.o
 .debug_str     0x00000000      0x3d6 ..\obj\system_stm32f4xx.o
 .comment       0x00000000       0x71 ..\obj\system_stm32f4xx.o
 .ARM.attributes
                0x00000000       0x33 ..\obj\system_stm32f4xx.o
 .debug_frame   0x00000000       0x64 ..\obj\system_stm32f4xx.o
 .text          0x00000000        0x0 ..\obj\syscalls.o
 .data          0x00000000        0x0 ..\obj\syscalls.o
 .bss           0x00000000        0x4 ..\obj\syscalls.o
 .text._sbrk    0x00000000       0x40 ..\obj\syscalls.o
 .text.link     0x00000000       0x1c ..\obj\syscalls.o
 .text._close   0x00000000       0x18 ..\obj\syscalls.o
 .text._fstat   0x00000000       0x20 ..\obj\syscalls.o
 .text._isatty  0x00000000       0x18 ..\obj\syscalls.o
 .text._lseek   0x00000000       0x1c ..\obj\syscalls.o
 .text._read    0x00000000       0x1c ..\obj\syscalls.o
 .text._write   0x00000000       0x1c ..\obj\syscalls.o
 .text.abort    0x00000000        0x8 ..\obj\syscalls.o
 .debug_info    0x00000000      0x3ee ..\obj\syscalls.o
 .debug_abbrev  0x00000000       0xe2 ..\obj\syscalls.o
 .debug_aranges
                0x00000000       0x60 ..\obj\syscalls.o
 .debug_ranges  0x00000000       0x50 ..\obj\syscalls.o
 .debug_line    0x00000000      0x1a4 ..\obj\syscalls.o
 .debug_str     0x00000000      0x339 ..\obj\syscalls.o
 .comment       0x00000000       0x71 ..\obj\syscalls.o
 .ARM.attributes
                0x00000000       0x33 ..\obj\syscalls.o
 .debug_frame   0x00000000      0x108 ..\obj\syscalls.o
 .text          0x00000000        0x0 ..\obj\stm32f4xx_spi.o
 .data          0x00000000        0x0 ..\obj\stm32f4xx_spi.o
 .bss           0x00000000        0x0 ..\obj\stm32f4xx_spi.o
 .text.SPI_I2S_DeInit
                0x00000000       0x74 ..\obj\stm32f4xx_spi.o
 .text.SPI_Init
                0x00000000       0x88 ..\obj\stm32f4xx_spi.o
 .text.I2S_Init
                0x00000000      0x1b0 ..\obj\stm32f4xx_spi.o
 .text.SPI_StructInit
                0x00000000       0x48 ..\obj\stm32f4xx_spi.o
 .text.I2S_StructInit
                0x00000000       0x38 ..\obj\stm32f4xx_spi.o
 .text.SPI_Cmd  0x00000000       0x40 ..\obj\stm32f4xx_spi.o
 .text.I2S_Cmd  0x00000000       0x40 ..\obj\stm32f4xx_spi.o
 .text.SPI_DataSizeConfig
                0x00000000       0x38 ..\obj\stm32f4xx_spi.o
 .text.SPI_BiDirectionalLineConfig
                0x00000000       0x40 ..\obj\stm32f4xx_spi.o
 .text.SPI_NSSInternalSoftwareConfig
                0x00000000       0x44 ..\obj\stm32f4xx_spi.o
 .text.SPI_SSOutputCmd
                0x00000000       0x40 ..\obj\stm32f4xx_spi.o
 .text.SPI_TIModeCmd
                0x00000000       0x40 ..\obj\stm32f4xx_spi.o
 .text.I2S_FullDuplexConfig
                0x00000000       0x9c ..\obj\stm32f4xx_spi.o
 .text.SPI_I2S_ReceiveData
                0x00000000       0x1c ..\obj\stm32f4xx_spi.o
 .text.SPI_I2S_SendData
                0x00000000       0x1c ..\obj\stm32f4xx_spi.o
 .text.SPI_CalculateCRC
                0x00000000       0x40 ..\obj\stm32f4xx_spi.o
 .text.SPI_TransmitCRC
                0x00000000       0x24 ..\obj\stm32f4xx_spi.o
 .text.SPI_GetCRC
                0x00000000       0x34 ..\obj\stm32f4xx_spi.o
 .text.SPI_GetCRCPolynomial
                0x00000000       0x1c ..\obj\stm32f4xx_spi.o
 .text.SPI_I2S_DMACmd
                0x00000000       0x48 ..\obj\stm32f4xx_spi.o
 .text.SPI_I2S_ITConfig
                0x00000000       0x60 ..\obj\stm32f4xx_spi.o
 .text.SPI_I2S_GetFlagStatus
                0x00000000       0x38 ..\obj\stm32f4xx_spi.o
 .text.SPI_I2S_ClearFlag
                0x00000000       0x20 ..\obj\stm32f4xx_spi.o
 .text.SPI_I2S_GetITStatus
                0x00000000       0x78 ..\obj\stm32f4xx_spi.o
 .text.SPI_I2S_ClearITPendingBit
                0x00000000       0x34 ..\obj\stm32f4xx_spi.o
 .debug_info    0x00000000      0xb07 ..\obj\stm32f4xx_spi.o
 .debug_abbrev  0x00000000      0x167 ..\obj\stm32f4xx_spi.o
 .debug_aranges
                0x00000000       0xe0 ..\obj\stm32f4xx_spi.o
 .debug_ranges  0x00000000       0xd0 ..\obj\stm32f4xx_spi.o
 .debug_line    0x00000000      0x511 ..\obj\stm32f4xx_spi.o
 .debug_str     0x00000000      0x6b6 ..\obj\stm32f4xx_spi.o
 .comment       0x00000000       0x71 ..\obj\stm32f4xx_spi.o
 .ARM.attributes
                0x00000000       0x33 ..\obj\stm32f4xx_spi.o
 .debug_frame   0x00000000      0x2d0 ..\obj\stm32f4xx_spi.o
 .text          0x00000000        0x0 ..\obj\bsp.o
 .text.led_toggle
                0x00000000       0x30 ..\obj\bsp.o
 .text.bsp_delay_ms
                0x00000000       0x2c ..\obj\bsp.o
 .text.uart_tx  0x00000000       0x30 ..\obj\bsp.o
 .text.uart_rx  0x00000000       0x14 ..\obj\bsp.o
 .text.sw_getState
                0x00000000       0x18 ..\obj\bsp.o
 .text.nivel_pote
                0x00000000       0x28 ..\obj\bsp.o
 .text          0x00000000        0x0 ..\obj\stm32f4xx_exti.o
 .data          0x00000000        0x0 ..\obj\stm32f4xx_exti.o
 .bss           0x00000000        0x0 ..\obj\stm32f4xx_exti.o
 .text.EXTI_DeInit
                0x00000000       0x34 ..\obj\stm32f4xx_exti.o
 .text.EXTI_StructInit
                0x00000000       0x2c ..\obj\stm32f4xx_exti.o
 .text.EXTI_GenerateSWInterrupt
                0x00000000       0x24 ..\obj\stm32f4xx_exti.o
 .text.EXTI_GetFlagStatus
                0x00000000       0x34 ..\obj\stm32f4xx_exti.o
 .text.EXTI_ClearITPendingBit
                0x00000000       0x1c ..\obj\stm32f4xx_exti.o
 .text          0x00000000        0x0 ..\obj\misc.o
 .data          0x00000000        0x0 ..\obj\misc.o
 .bss           0x00000000        0x0 ..\obj\misc.o
 .text.NVIC_PriorityGroupConfig
                0x00000000       0x24 ..\obj\misc.o
 .text.NVIC_SetVectorTable
                0x00000000       0x2c ..\obj\misc.o
 .text.NVIC_SystemLPConfig
                0x00000000       0x40 ..\obj\misc.o
 .text.SysTick_CLKSourceConfig
                0x00000000       0x38 ..\obj\misc.o
 .text          0x00000000        0x0 ..\obj\stm32f4xx_tim.o
 .data          0x00000000        0x0 ..\obj\stm32f4xx_tim.o
 .bss           0x00000000        0x0 ..\obj\stm32f4xx_tim.o
 .text.TIM_DeInit
                0x00000000      0x1bc ..\obj\stm32f4xx_tim.o
 .text.TIM_TimeBaseStructInit
                0x00000000       0x34 ..\obj\stm32f4xx_tim.o
 .text.TIM_PrescalerConfig
                0x00000000       0x28 ..\obj\stm32f4xx_tim.o
 .text.TIM_CounterModeConfig
                0x00000000       0x38 ..\obj\stm32f4xx_tim.o
 .text.TIM_SetCounter
                0x00000000       0x1c ..\obj\stm32f4xx_tim.o
 .text.TIM_SetAutoreload
                0x00000000       0x1c ..\obj\stm32f4xx_tim.o
 .text.TIM_GetCounter
                0x00000000       0x18 ..\obj\stm32f4xx_tim.o
 .text.TIM_GetPrescaler
                0x00000000       0x1c ..\obj\stm32f4xx_tim.o
 .text.TIM_UpdateDisableConfig
                0x00000000       0x40 ..\obj\stm32f4xx_tim.o
 .text.TIM_UpdateRequestConfig
                0x00000000       0x40 ..\obj\stm32f4xx_tim.o
 .text.TIM_ARRPreloadConfig
                0x00000000       0x40 ..\obj\stm32f4xx_tim.o
 .text.TIM_SelectOnePulseMode
                0x00000000       0x38 ..\obj\stm32f4xx_tim.o
 .text.TIM_SetClockDivision
                0x00000000       0x38 ..\obj\stm32f4xx_tim.o
 .text.TIM_OC1Init
                0x00000000       0xf4 ..\obj\stm32f4xx_tim.o
 .text.TIM_OC2Init
                0x00000000      0x110 ..\obj\stm32f4xx_tim.o
 .text.TIM_OC3Init
                0x00000000      0x10c ..\obj\stm32f4xx_tim.o
 .text.TIM_OC4Init
                0x00000000       0xcc ..\obj\stm32f4xx_tim.o
 .text.TIM_OCStructInit
                0x00000000       0x44 ..\obj\stm32f4xx_tim.o
 .text.TIM_SelectOCxM
                0x00000000       0xac ..\obj\stm32f4xx_tim.o
 .text.TIM_SetCompare1
                0x00000000       0x1c ..\obj\stm32f4xx_tim.o
 .text.TIM_SetCompare2
                0x00000000       0x1c ..\obj\stm32f4xx_tim.o
 .text.TIM_SetCompare3
                0x00000000       0x1c ..\obj\stm32f4xx_tim.o
 .text.TIM_SetCompare4
                0x00000000       0x1c ..\obj\stm32f4xx_tim.o
 .text.TIM_ForcedOC1Config
                0x00000000       0x38 ..\obj\stm32f4xx_tim.o
 .text.TIM_ForcedOC2Config
                0x00000000       0x3c ..\obj\stm32f4xx_tim.o
 .text.TIM_ForcedOC3Config
                0x00000000       0x38 ..\obj\stm32f4xx_tim.o
 .text.TIM_ForcedOC4Config
                0x00000000       0x3c ..\obj\stm32f4xx_tim.o
 .text.TIM_OC1PreloadConfig
                0x00000000       0x38 ..\obj\stm32f4xx_tim.o
 .text.TIM_OC2PreloadConfig
                0x00000000       0x3c ..\obj\stm32f4xx_tim.o
 .text.TIM_OC3PreloadConfig
                0x00000000       0x38 ..\obj\stm32f4xx_tim.o
 .text.TIM_OC4PreloadConfig
                0x00000000       0x3c ..\obj\stm32f4xx_tim.o
 .text.TIM_OC1FastConfig
                0x00000000       0x38 ..\obj\stm32f4xx_tim.o
 .text.TIM_OC2FastConfig
                0x00000000       0x3c ..\obj\stm32f4xx_tim.o
 .text.TIM_OC3FastConfig
                0x00000000       0x38 ..\obj\stm32f4xx_tim.o
 .text.TIM_OC4FastConfig
                0x00000000       0x3c ..\obj\stm32f4xx_tim.o
 .text.TIM_ClearOC1Ref
                0x00000000       0x38 ..\obj\stm32f4xx_tim.o
 .text.TIM_ClearOC2Ref
                0x00000000       0x3c ..\obj\stm32f4xx_tim.o
 .text.TIM_ClearOC3Ref
                0x00000000       0x38 ..\obj\stm32f4xx_tim.o
 .text.TIM_ClearOC4Ref
                0x00000000       0x3c ..\obj\stm32f4xx_tim.o
 .text.TIM_OC1PolarityConfig
                0x00000000       0x38 ..\obj\stm32f4xx_tim.o
 .text.TIM_OC1NPolarityConfig
                0x00000000       0x38 ..\obj\stm32f4xx_tim.o
 .text.TIM_OC2PolarityConfig
                0x00000000       0x3c ..\obj\stm32f4xx_tim.o
 .text.TIM_OC2NPolarityConfig
                0x00000000       0x3c ..\obj\stm32f4xx_tim.o
 .text.TIM_OC3PolarityConfig
                0x00000000       0x3c ..\obj\stm32f4xx_tim.o
 .text.TIM_OC3NPolarityConfig
                0x00000000       0x3c ..\obj\stm32f4xx_tim.o
 .text.TIM_OC4PolarityConfig
                0x00000000       0x3c ..\obj\stm32f4xx_tim.o
 .text.TIM_CCxCmd
                0x00000000       0x54 ..\obj\stm32f4xx_tim.o
 .text.TIM_CCxNCmd
                0x00000000       0x54 ..\obj\stm32f4xx_tim.o
 .text.TIM_ICInit
                0x00000000       0xa8 ..\obj\stm32f4xx_tim.o
 .text.TIM_ICStructInit
                0x00000000       0x30 ..\obj\stm32f4xx_tim.o
 .text.TIM_PWMIConfig
                0x00000000       0xb8 ..\obj\stm32f4xx_tim.o
 .text.TIM_GetCapture1
                0x00000000       0x18 ..\obj\stm32f4xx_tim.o
 .text.TIM_GetCapture2
                0x00000000       0x18 ..\obj\stm32f4xx_tim.o
 .text.TIM_GetCapture3
                0x00000000       0x18 ..\obj\stm32f4xx_tim.o
 .text.TIM_GetCapture4
                0x00000000       0x18 ..\obj\stm32f4xx_tim.o
 .text.TIM_SetIC1Prescaler
                0x00000000       0x38 ..\obj\stm32f4xx_tim.o
 .text.TIM_SetIC2Prescaler
                0x00000000       0x3c ..\obj\stm32f4xx_tim.o
 .text.TIM_SetIC3Prescaler
                0x00000000       0x38 ..\obj\stm32f4xx_tim.o
 .text.TIM_SetIC4Prescaler
                0x00000000       0x3c ..\obj\stm32f4xx_tim.o
 .text.TIM_BDTRConfig
                0x00000000       0x50 ..\obj\stm32f4xx_tim.o
 .text.TIM_BDTRStructInit
                0x00000000       0x3c ..\obj\stm32f4xx_tim.o
 .text.TIM_CtrlPWMOutputs
                0x00000000       0x4c ..\obj\stm32f4xx_tim.o
 .text.TIM_SelectCOM
                0x00000000       0x40 ..\obj\stm32f4xx_tim.o
 .text.TIM_CCPreloadControl
                0x00000000       0x40 ..\obj\stm32f4xx_tim.o
 .text.TIM_GenerateEvent
                0x00000000       0x1c ..\obj\stm32f4xx_tim.o
 .text.TIM_GetFlagStatus
                0x00000000       0x38 ..\obj\stm32f4xx_tim.o
 .text.TIM_ClearFlag
                0x00000000       0x20 ..\obj\stm32f4xx_tim.o
 .text.TIM_DMAConfig
                0x00000000       0x28 ..\obj\stm32f4xx_tim.o
 .text.TIM_DMACmd
                0x00000000       0x48 ..\obj\stm32f4xx_tim.o
 .text.TIM_SelectCCDMA
                0x00000000       0x40 ..\obj\stm32f4xx_tim.o
 .text.TIM_InternalClockConfig
                0x00000000       0x24 ..\obj\stm32f4xx_tim.o
 .text.TIM_ITRxExternalClockConfig
                0x00000000       0x2c ..\obj\stm32f4xx_tim.o
 .text.TIM_TIxExternalClockConfig
                0x00000000       0x54 ..\obj\stm32f4xx_tim.o
 .text.TIM_ETRClockMode1Config
                0x00000000       0x50 ..\obj\stm32f4xx_tim.o
 .text.TIM_ETRClockMode2Config
                0x00000000       0x30 ..\obj\stm32f4xx_tim.o
 .text.TIM_SelectInputTrigger
                0x00000000       0x38 ..\obj\stm32f4xx_tim.o
 .text.TIM_SelectOutputTrigger
                0x00000000       0x38 ..\obj\stm32f4xx_tim.o
 .text.TIM_SelectSlaveMode
                0x00000000       0x38 ..\obj\stm32f4xx_tim.o
 .text.TIM_SelectMasterSlaveMode
                0x00000000       0x38 ..\obj\stm32f4xx_tim.o
 .text.TIM_ETRConfig
                0x00000000       0x48 ..\obj\stm32f4xx_tim.o
 .text.TIM_EncoderInterfaceConfig
                0x00000000       0x8c ..\obj\stm32f4xx_tim.o
 .text.TIM_SelectHallSensor
                0x00000000       0x40 ..\obj\stm32f4xx_tim.o
 .text.TIM_RemapConfig
                0x00000000       0x20 ..\obj\stm32f4xx_tim.o
 .text.TI1_Config
                0x00000000       0x78 ..\obj\stm32f4xx_tim.o
 .text.TI2_Config
                0x00000000       0x8c ..\obj\stm32f4xx_tim.o
 .text.TI3_Config
                0x00000000       0x84 ..\obj\stm32f4xx_tim.o
 .text.TI4_Config
                0x00000000       0x90 ..\obj\stm32f4xx_tim.o
 .data          0x00000000        0x0 c:/program files (x86)/gnu tools arm embedded/4.8 2014q2/bin/../lib/gcc/arm-none-eabi/4.8.4/armv7e-m\libgcc.a(_arm_addsubdf3.o)
 .bss           0x00000000        0x0 c:/program files (x86)/gnu tools arm embedded/4.8 2014q2/bin/../lib/gcc/arm-none-eabi/4.8.4/armv7e-m\libgcc.a(_arm_addsubdf3.o)
 .data          0x00000000        0x0 c:/program files (x86)/gnu tools arm embedded/4.8 2014q2/bin/../lib/gcc/arm-none-eabi/4.8.4/armv7e-m\libgcc.a(_arm_muldivdf3.o)
 .bss           0x00000000        0x0 c:/program files (x86)/gnu tools arm embedded/4.8 2014q2/bin/../lib/gcc/arm-none-eabi/4.8.4/armv7e-m\libgcc.a(_arm_muldivdf3.o)
 .data          0x00000000        0x0 c:/program files (x86)/gnu tools arm embedded/4.8 2014q2/bin/../lib/gcc/arm-none-eabi/4.8.4/armv7e-m\libgcc.a(_arm_fixunsdfsi.o)
 .bss           0x00000000        0x0 c:/program files (x86)/gnu tools arm embedded/4.8 2014q2/bin/../lib/gcc/arm-none-eabi/4.8.4/armv7e-m\libgcc.a(_arm_fixunsdfsi.o)

Memory Configuration

Name             Origin             Length             Attributes
rom              0x08000000         0x00040000         xr
ram              0x20000000         0x00010000         xrw
*default*        0x00000000         0xffffffff

Linker script and memory map

                0x20010000                _eram = 0x20010000

.text           0x08000000     0x1b84
 *(.isr_vector)
 .isr_vector    0x08000000      0x188 ..\obj\startup_stm32f4xx.o
                0x08000000                g_pfnVectors
 *(.text*)
 .text.SYSCFG_EXTILineConfig
                0x08000188       0x7c ..\obj\stm32f4xx_syscfg.o
                0x08000188                SYSCFG_EXTILineConfig
 .text.USART_Init
                0x08000204      0x174 ..\obj\stm32f4xx_usart.o
                0x08000204                USART_Init
 .text.USART_Cmd
                0x08000378       0x40 ..\obj\stm32f4xx_usart.o
                0x08000378                USART_Cmd
 .text.Default_Reset_Handler
                0x080003b8       0x5c ..\obj\startup_stm32f4xx.o
                0x080003b8                Default_Reset_Handler
                0x080003b8                Reset_Handler
 .text.Default_Handler
                0x08000414        0x8 ..\obj\startup_stm32f4xx.o
                0x08000414                RTC_Alarm_IRQHandler
                0x08000414                HASH_RNG_IRQHandler
                0x08000414                EXTI2_IRQHandler
                0x08000414                TIM8_CC_IRQHandler
                0x08000414                DebugMon_Handler
                0x08000414                TIM1_CC_IRQHandler
                0x08000414                DMA2_Stream5_IRQHandler
                0x08000414                HardFault_Handler
                0x08000414                DMA1_Stream5_IRQHandler
                0x08000414                SysTick_Handler
                0x08000414                PVD_IRQHandler
                0x08000414                SDIO_IRQHandler
                0x08000414                TAMP_STAMP_IRQHandler
                0x08000414                PendSV_Handler
                0x08000414                NMI_Handler
                0x08000414                CAN2_RX1_IRQHandler
                0x08000414                EXTI3_IRQHandler
                0x08000414                TIM8_TRG_COM_TIM14_IRQHandler
                0x08000414                TIM1_UP_TIM10_IRQHandler
                0x08000414                TIM8_UP_TIM13_IRQHandler
                0x08000414                I2C3_ER_IRQHandler
                0x08000414                I2C2_EV_IRQHandler
                0x08000414                DMA1_Stream2_IRQHandler
                0x08000414                CAN1_RX0_IRQHandler
                0x08000414                FPU_IRQHandler
                0x08000414                OTG_HS_WKUP_IRQHandler
                0x08000414                UsageFault_Handler
                0x08000414                CAN2_SCE_IRQHandler
                0x08000414                DMA2_Stream2_IRQHandler
                0x08000414                SPI1_IRQHandler
                0x08000414                TIM6_DAC_IRQHandler
                0x08000414                TIM1_BRK_TIM9_IRQHandler
                0x08000414                DCMI_IRQHandler
                0x08000414                CAN2_RX0_IRQHandler
                0x08000414                DMA2_Stream3_IRQHandler
                0x08000414                USART6_IRQHandler
                0x08000414                USART3_IRQHandler
                0x08000414                CRYP_IRQHandler
                0x08000414                CAN1_RX1_IRQHandler
                0x08000414                UART5_IRQHandler
                0x08000414                DMA2_Stream0_IRQHandler
                0x08000414                TIM4_IRQHandler
                0x08000414                I2C1_EV_IRQHandler
                0x08000414                DMA1_Stream6_IRQHandler
                0x08000414                DMA1_Stream1_IRQHandler
                0x08000414                UART4_IRQHandler
                0x08000414                TIM3_IRQHandler
                0x08000414                RCC_IRQHandler
                0x08000414                TIM8_BRK_TIM12_IRQHandler
                0x08000414                EXTI15_10_IRQHandler
                0x08000414                ADC_IRQHandler
                0x08000414                DMA1_Stream7_IRQHandler
                0x08000414                TIM7_IRQHandler
                0x08000414                CAN2_TX_IRQHandler
                0x08000414                TIM5_IRQHandler
                0x08000414                DMA2_Stream7_IRQHandler
                0x08000414                I2C3_EV_IRQHandler
                0x08000414                EXTI9_5_IRQHandler
                0x08000414                RTC_WKUP_IRQHandler
                0x08000414                ETH_WKUP_IRQHandler
                0x08000414                SPI2_IRQHandler
                0x08000414                OTG_HS_EP1_IN_IRQHandler
                0x08000414                MemManage_Handler
                0x08000414                DMA1_Stream0_IRQHandler
                0x08000414                CAN1_TX_IRQHandler
                0x08000414                SVC_Handler
                0x08000414                EXTI4_IRQHandler
                0x08000414                FSMC_IRQHandler
                0x08000414                ETH_IRQHandler
                0x08000414                OTG_HS_EP1_OUT_IRQHandler
                0x08000414                WWDG_IRQHandler
                0x08000414                OTG_FS_WKUP_IRQHandler
                0x08000414                TIM1_TRG_COM_TIM11_IRQHandler
                0x08000414                OTG_HS_IRQHandler
                0x08000414                EXTI1_IRQHandler
                0x08000414                USART2_IRQHandler
                0x08000414                I2C2_ER_IRQHandler
                0x08000414                DMA2_Stream1_IRQHandler
                0x08000414                CAN1_SCE_IRQHandler
                0x08000414                FLASH_IRQHandler
                0x08000414                DMA2_Stream4_IRQHandler
                0x08000414                BusFault_Handler
                0x08000414                USART1_IRQHandler
                0x08000414                OTG_FS_IRQHandler
                0x08000414                SPI3_IRQHandler
                0x08000414                DMA1_Stream4_IRQHandler
                0x08000414                I2C1_ER_IRQHandler
                0x08000414                DMA2_Stream6_IRQHandler
                0x08000414                DMA1_Stream3_IRQHandler
 .text.main     0x0800041c       0x50 ..\obj\main.o
                0x0800041c                main
 .text.APP_ISR_sw
                0x0800046c        0xc ..\obj\main.o
                0x0800046c                APP_ISR_sw
 .text.RCC_GetClocksFreq
                0x08000478      0x154 ..\obj\stm32f4xx_rcc.o
                0x08000478                RCC_GetClocksFreq
 .text.RCC_AHB1PeriphClockCmd
                0x080005cc       0x3c ..\obj\stm32f4xx_rcc.o
                0x080005cc                RCC_AHB1PeriphClockCmd
 .text.RCC_APB1PeriphClockCmd
                0x08000608       0x3c ..\obj\stm32f4xx_rcc.o
                0x08000608                RCC_APB1PeriphClockCmd
 .text.RCC_APB2PeriphClockCmd
                0x08000644       0x3c ..\obj\stm32f4xx_rcc.o
                0x08000644                RCC_APB2PeriphClockCmd
 .text.ADC_Init
                0x08000680       0xa8 ..\obj\stm32f4xx_adc.o
                0x08000680                ADC_Init
 .text.ADC_StructInit
                0x08000728       0x3c ..\obj\stm32f4xx_adc.o
                0x08000728                ADC_StructInit
 .text.ADC_CommonInit
                0x08000764       0x50 ..\obj\stm32f4xx_adc.o
                0x08000764                ADC_CommonInit
 .text.ADC_CommonStructInit
                0x080007b4       0x2c ..\obj\stm32f4xx_adc.o
                0x080007b4                ADC_CommonStructInit
 .text.ADC_Cmd  0x080007e0       0x38 ..\obj\stm32f4xx_adc.o
                0x080007e0                ADC_Cmd
 .text.ADC_RegularChannelConfig
                0x08000818      0x188 ..\obj\stm32f4xx_adc.o
                0x08000818                ADC_RegularChannelConfig
 .text.ADC_SoftwareStartConv
                0x080009a0       0x20 ..\obj\stm32f4xx_adc.o
                0x080009a0                ADC_SoftwareStartConv
 .text.ADC_GetConversionValue
                0x080009c0       0x1c ..\obj\stm32f4xx_adc.o
                0x080009c0                ADC_GetConversionValue
 .text.ADC_GetFlagStatus
                0x080009dc       0x34 ..\obj\stm32f4xx_adc.o
                0x080009dc                ADC_GetFlagStatus
 .text.GPIO_Init
                0x08000a10      0x11c ..\obj\stm32f4xx_gpio.o
                0x08000a10                GPIO_Init
 .text.GPIO_StructInit
                0x08000b2c       0x34 ..\obj\stm32f4xx_gpio.o
                0x08000b2c                GPIO_StructInit
 .text.GPIO_SetBits
                0x08000b60       0x1c ..\obj\stm32f4xx_gpio.o
                0x08000b60                GPIO_SetBits
 .text.GPIO_ResetBits
                0x08000b7c       0x1c ..\obj\stm32f4xx_gpio.o
                0x08000b7c                GPIO_ResetBits
 .text.GPIO_PinAFConfig
                0x08000b98       0x8c ..\obj\stm32f4xx_gpio.o
                0x08000b98                GPIO_PinAFConfig
 .text.led_on   0x08000c24       0x30 ..\obj\bsp.o
                0x08000c24                led_on
 .text.led_off  0x08000c54       0x30 ..\obj\bsp.o
                0x08000c54                led_off
 *fill*         0x08000c84        0x4 
 .text.vumetro  0x08000c88       0x58 ..\obj\bsp.o
                0x08000c88                vumetro
 .text.EXTI0_IRQHandler
                0x08000ce0       0x1c ..\obj\bsp.o
                0x08000ce0                EXTI0_IRQHandler
 .text.TIM2_IRQHandler
                0x08000cfc       0x3c ..\obj\bsp.o
                0x08000cfc                TIM2_IRQHandler
 .text.bsp_init
                0x08000d38       0x1c ..\obj\bsp.o
                0x08000d38                bsp_init
 .text.bsp_led_init
                0x08000d54       0x40 ..\obj\bsp.o
                0x08000d54                bsp_led_init
 .text.bsp_sw_init
                0x08000d94       0x74 ..\obj\bsp.o
                0x08000d94                bsp_sw_init
 .text.bsp_timer_config
                0x08000e08       0x60 ..\obj\bsp.o
                0x08000e08                bsp_timer_config
 .text.bsp_init_adc
                0x08000e68       0x90 ..\obj\bsp.o
                0x08000e68                bsp_init_adc
 .text.read_adc
                0x08000ef8       0x38 ..\obj\bsp.o
                0x08000ef8                read_adc
 .text.bsp_init_usart
                0x08000f30       0x9c ..\obj\bsp.o
                0x08000f30                bsp_init_usart
 .text.EXTI_Init
                0x08000fcc       0xdc ..\obj\stm32f4xx_exti.o
                0x08000fcc                EXTI_Init
 .text.EXTI_ClearFlag
                0x080010a8       0x1c ..\obj\stm32f4xx_exti.o
                0x080010a8                EXTI_ClearFlag
 .text.EXTI_GetITStatus
                0x080010c4       0x48 ..\obj\stm32f4xx_exti.o
                0x080010c4                EXTI_GetITStatus
 .text.NVIC_Init
                0x0800110c       0xbc ..\obj\misc.o
                0x0800110c                NVIC_Init
 .text.TIM_TimeBaseInit
                0x080011c8       0xd4 ..\obj\stm32f4xx_tim.o
                0x080011c8                TIM_TimeBaseInit
 .text.TIM_Cmd  0x0800129c       0x40 ..\obj\stm32f4xx_tim.o
                0x0800129c                TIM_Cmd
 .text.TIM_ITConfig
                0x080012dc       0x48 ..\obj\stm32f4xx_tim.o
                0x080012dc                TIM_ITConfig
 .text.TIM_GetITStatus
                0x08001324       0x54 ..\obj\stm32f4xx_tim.o
                0x08001324                TIM_GetITStatus
 .text.TIM_ClearITPendingBit
                0x08001378       0x20 ..\obj\stm32f4xx_tim.o
                0x08001378                TIM_ClearITPendingBit
 .text          0x08001398      0x370 c:/program files (x86)/gnu tools arm embedded/4.8 2014q2/bin/../lib/gcc/arm-none-eabi/4.8.4/armv7e-m\libgcc.a(_arm_addsubdf3.o)
                0x08001398                __aeabi_drsub
                0x080013a0                __aeabi_dsub
                0x080013a0                __subdf3
                0x080013a4                __aeabi_dadd
                0x080013a4                __adddf3
                0x0800161c                __floatunsidf
                0x0800161c                __aeabi_ui2d
                0x0800163c                __floatsidf
                0x0800163c                __aeabi_i2d
                0x08001660                __aeabi_f2d
                0x08001660                __extendsfdf2
                0x0800169c                __floatundidf
                0x0800169c                __aeabi_ul2d
                0x080016ac                __floatdidf
                0x080016ac                __aeabi_l2d
 .text          0x08001708      0x424 c:/program files (x86)/gnu tools arm embedded/4.8 2014q2/bin/../lib/gcc/arm-none-eabi/4.8.4/armv7e-m\libgcc.a(_arm_muldivdf3.o)
                0x08001708                __aeabi_dmul
                0x08001708                __muldf3
                0x0800195c                __divdf3
                0x0800195c                __aeabi_ddiv
 .text          0x08001b2c       0x40 c:/program files (x86)/gnu tools arm embedded/4.8 2014q2/bin/../lib/gcc/arm-none-eabi/4.8.4/armv7e-m\libgcc.a(_arm_fixunsdfsi.o)
                0x08001b2c                __aeabi_d2uiz
                0x08001b2c                __fixunsdfsi
 *(.init)
 *(.fini)
 *crtbegin.o(.ctors)
 *crtbegin?.o(.ctors)
 *(EXCLUDE_FILE(*crtend.o *crtend?.o) .ctors)
 *(SORT(.ctors.*))
 *(.ctors)
 *crtbegin.o(.dtors)
 *crtbegin?.o(.dtors)
 *(EXCLUDE_FILE(*crtend.o *crtend?.o) .dtors)
 *(SORT(.dtors.*))
 *(.dtors)
 *(.rodata*)
 .rodata        0x08001b6c       0x18 ..\obj\bsp.o
                0x08001b6c                leds
 *(.eh_fram e*)

.glue_7         0x08001b84        0x0
 .glue_7        0x00000000        0x0 linker stubs

.glue_7t        0x08001b84        0x0
 .glue_7t       0x00000000        0x0 linker stubs

.vfp11_veneer   0x08001b84        0x0
 .vfp11_veneer  0x00000000        0x0 linker stubs

.v4_bx          0x08001b84        0x0
 .v4_bx         0x00000000        0x0 linker stubs

.iplt           0x08001b84        0x0
 .iplt          0x00000000        0x0 ..\obj\stm32f4xx_syscfg.o

.rel.dyn        0x08001b84        0x0
 .rel.iplt      0x00000000        0x0 ..\obj\stm32f4xx_syscfg.o

.ARM.extab
 *(.ARM.extab* .gnu.linkonce.armextab.*)
                0x08001b84                __exidx_start = .

.ARM.exidx
 *(.ARM.exidx* .gnu.linkonce.armexidx.*)
                0x08001b84                __exidx_end = .
                0x08001b84                __etext = .
                0x08001b84                _sidata = __etext

.data           0x20000000       0x40 load address 0x08001b84
                0x20000000                __data_start__ = .
                0x20000000                _sdata = __data_start__
 *(vtable)
 *(.data*)
 .data          0x20000000       0x10 ..\obj\stm32f4xx_rcc.o
 .data          0x20000010       0x30 ..\obj\bsp.o
                0x20000010                leds_port
                0x20000040                . = ALIGN (0x4)
                0x20000040                PROVIDE (__preinit_array_start, .)
 *(.preinit_array)
                0x20000040                PROVIDE (__preinit_array_end, .)
                0x20000040                . = ALIGN (0x4)
                0x20000040                PROVIDE (__init_array_start, .)
 *(SORT(.init_array.*))
 *(.init_array)
                0x20000040                PROVIDE (__init_array_end, .)
                0x20000040                . = ALIGN (0x4)
                0x20000040                PROVIDE (__fini_array_start, .)
 *(SORT(.fini_array.*))
 *(.fini_array)
                0x20000040                PROVIDE (__fini_array_end, .)
 *(.jcr*)
                0x20000040                . = ALIGN (0x4)
                0x20000040                __data_end__ = .
                0x20000040                _edata = __data_end__

.igot.plt       0x20000040        0x0 load address 0x08001bc4
 .igot.plt      0x00000000        0x0 ..\obj\stm32f4xx_syscfg.o

.bss            0x20000040        0x4 load address 0x08001bc4
                0x20000040                . = ALIGN (0x4)
                0x20000040                __bss_start__ = .
                0x20000040                _sbss = __bss_start__
 *(.bss*)
 .bss           0x20000040        0x2 ..\obj\bsp.o
                0x20000040                bsp_count_ms
 *(COMMON)
                0x20000044                . = ALIGN (0x4)
 *fill*         0x20000042        0x2 
                0x20000044                __bss_end__ = .
                0x20000044                _ebss = __bss_end__

.heap           0x20000044        0x0
                0x20000044                __end__ = .
                0x20000044                _end = __end__
                0x20000044                end = __end__
 *(.heap*)
                0x20000044                __HeapLimit = .

.co_stack       0x20000044      0x804 load address 0x08001bc8
                0x20000048                . = ALIGN (0x8)
 *fill*         0x20000044        0x4 
 *(.co_stack .co_stack.*)
 .co_stack      0x20000048      0x800 ..\obj\startup_stm32f4xx.o
                0x20000048                pulStack
                0x20010000                __StackTop = (ORIGIN (ram) + 0x10000)
                0x2000f7fc                __StackLimit = (__StackTop - SIZEOF (.co_stack))
                0x20010000                PROVIDE (__stack, __StackTop)
                0x00000001                ASSERT ((__StackLimit >= __HeapLimit), region ram  overflowed with stack)
LOAD ..\obj\stm32f4xx_syscfg.o
LOAD ..\obj\stm32f4xx_usart.o
LOAD ..\obj\startup_stm32f4xx.o
LOAD ..\obj\main.o
LOAD ..\obj\stm32f4xx_rcc.o
LOAD ..\obj\stm32f4xx_adc.o
LOAD ..\obj\stm32f4xx_gpio.o
LOAD ..\obj\system_stm32f4xx.o
LOAD ..\obj\syscalls.o
LOAD ..\obj\stm32f4xx_spi.o
LOAD ..\obj\bsp.o
LOAD ..\obj\stm32f4xx_exti.o
LOAD ..\obj\misc.o
LOAD ..\obj\stm32f4xx_tim.o
START GROUP
LOAD c:/program files (x86)/gnu tools arm embedded/4.8 2014q2/bin/../lib/gcc/arm-none-eabi/4.8.4/armv7e-m\libgcc.a
LOAD c:/program files (x86)/gnu tools arm embedded/4.8 2014q2/bin/../lib/gcc/arm-none-eabi/4.8.4/../../../../arm-none-eabi/lib/armv7e-m\libg.a
LOAD c:/program files (x86)/gnu tools arm embedded/4.8 2014q2/bin/../lib/gcc/arm-none-eabi/4.8.4/../../../../arm-none-eabi/lib/armv7e-m\libc.a
END GROUP
OUTPUT(USART-RecepcionDeDatos.elf elf32-littlearm)

.debug_info     0x00000000     0x5fa4
 .debug_info    0x00000000      0x26c ..\obj\stm32f4xx_syscfg.o
 .debug_info    0x0000026c      0x9c2 ..\obj\stm32f4xx_usart.o
 .debug_info    0x00000c2e       0xed ..\obj\startup_stm32f4xx.o
 .debug_info    0x00000d1b      0x17f ..\obj\main.o
 .debug_info    0x00000e9a      0xc4d ..\obj\stm32f4xx_rcc.o
 .debug_info    0x00001ae7      0xc38 ..\obj\stm32f4xx_adc.o
 .debug_info    0x0000271f      0x602 ..\obj\stm32f4xx_gpio.o
 .debug_info    0x00002d21      0xd9e ..\obj\bsp.o
 .debug_info    0x00003abf      0x347 ..\obj\stm32f4xx_exti.o
 .debug_info    0x00003e06      0x53d ..\obj\misc.o
 .debug_info    0x00004343     0x1c61 ..\obj\stm32f4xx_tim.o

.debug_abbrev   0x00000000      0xfcc
 .debug_abbrev  0x00000000      0x131 ..\obj\stm32f4xx_syscfg.o
 .debug_abbrev  0x00000131      0x155 ..\obj\stm32f4xx_usart.o
 .debug_abbrev  0x00000286       0xb0 ..\obj\startup_stm32f4xx.o
 .debug_abbrev  0x00000336       0xfa ..\obj\main.o
 .debug_abbrev  0x00000430      0x1e3 ..\obj\stm32f4xx_rcc.o
 .debug_abbrev  0x00000613      0x196 ..\obj\stm32f4xx_adc.o
 .debug_abbrev  0x000007a9      0x1a3 ..\obj\stm32f4xx_gpio.o
 .debug_abbrev  0x0000094c      0x20f ..\obj\bsp.o
 .debug_abbrev  0x00000b5b      0x1a5 ..\obj\stm32f4xx_exti.o
 .debug_abbrev  0x00000d00      0x145 ..\obj\misc.o
 .debug_abbrev  0x00000e45      0x187 ..\obj\stm32f4xx_tim.o

.debug_aranges  0x00000000      0x930
 .debug_aranges
                0x00000000       0x48 ..\obj\stm32f4xx_syscfg.o
 .debug_aranges
                0x00000048      0x100 ..\obj\stm32f4xx_usart.o
 .debug_aranges
                0x00000148       0x28 ..\obj\startup_stm32f4xx.o
 .debug_aranges
                0x00000170       0x40 ..\obj\main.o
 .debug_aranges
                0x000001b0      0x178 ..\obj\stm32f4xx_rcc.o
 .debug_aranges
                0x00000328      0x148 ..\obj\stm32f4xx_adc.o
 .debug_aranges
                0x00000470       0x88 ..\obj\stm32f4xx_gpio.o
 .debug_aranges
                0x000004f8       0xa8 ..\obj\bsp.o
 .debug_aranges
                0x000005a0       0x58 ..\obj\stm32f4xx_exti.o
 .debug_aranges
                0x000005f8       0x40 ..\obj\misc.o
 .debug_aranges
                0x00000638      0x2f8 ..\obj\stm32f4xx_tim.o

.debug_ranges   0x00000000      0x880
 .debug_ranges  0x00000000       0x38 ..\obj\stm32f4xx_syscfg.o
 .debug_ranges  0x00000038       0xf0 ..\obj\stm32f4xx_usart.o
 .debug_ranges  0x00000128       0x18 ..\obj\startup_stm32f4xx.o
 .debug_ranges  0x00000140       0x30 ..\obj\main.o
 .debug_ranges  0x00000170      0x168 ..\obj\stm32f4xx_rcc.o
 .debug_ranges  0x000002d8      0x138 ..\obj\stm32f4xx_adc.o
 .debug_ranges  0x00000410       0x78 ..\obj\stm32f4xx_gpio.o
 .debug_ranges  0x00000488       0x98 ..\obj\bsp.o
 .debug_ranges  0x00000520       0x48 ..\obj\stm32f4xx_exti.o
 .debug_ranges  0x00000568       0x30 ..\obj\misc.o
 .debug_ranges  0x00000598      0x2e8 ..\obj\stm32f4xx_tim.o

.debug_line     0x00000000     0x3126
 .debug_line    0x00000000      0x2aa ..\obj\stm32f4xx_syscfg.o
 .debug_line    0x000002aa      0x561 ..\obj\stm32f4xx_usart.o
 .debug_line    0x0000080b       0xcd ..\obj\startup_stm32f4xx.o
 .debug_line    0x000008d8      0x1c6 ..\obj\main.o
 .debug_line    0x00000a9e      0x659 ..\obj\stm32f4xx_rcc.o
 .debug_line    0x000010f7      0x611 ..\obj\stm32f4xx_adc.o
 .debug_line    0x00001708      0x3fe ..\obj\stm32f4xx_gpio.o
 .debug_line    0x00001b06      0x494 ..\obj\bsp.o
 .debug_line    0x00001f9a      0x364 ..\obj\stm32f4xx_exti.o
 .debug_line    0x000022fe      0x304 ..\obj\misc.o
 .debug_line    0x00002602      0xb24 ..\obj\stm32f4xx_tim.o

.debug_str      0x00000000     0x302f
 .debug_str     0x00000000      0x2c2 ..\obj\stm32f4xx_syscfg.o
                                0x320 (size before relaxing)
 .debug_str     0x000002c2      0x50d ..\obj\stm32f4xx_usart.o
                                0x6bb (size before relaxing)
 .debug_str     0x000007cf       0xdc ..\obj\startup_stm32f4xx.o
                                0x173 (size before relaxing)
 .debug_str     0x000008ab      0x112 ..\obj\main.o
                                0x25a (size before relaxing)
 .debug_str     0x000009bd      0x60f ..\obj\stm32f4xx_rcc.o
                                0x87c (size before relaxing)
 .debug_str     0x00000fcc      0x666 ..\obj\stm32f4xx_adc.o
                                0x830 (size before relaxing)
 .debug_str     0x00001632      0x34e ..\obj\stm32f4xx_gpio.o
                                0x4cf (size before relaxing)
 .debug_str     0x00001980      0x8f7 ..\obj\bsp.o
                                0xe46 (size before relaxing)
 .debug_str     0x00002277      0x12c ..\obj\stm32f4xx_exti.o
                                0x385 (size before relaxing)
 .debug_str     0x000023a3      0x1da ..\obj\misc.o
                                0x3fa (size before relaxing)
 .debug_str     0x0000257d      0xab2 ..\obj\stm32f4xx_tim.o
                                0xdfc (size before relaxing)

.comment        0x00000000       0x70
 .comment       0x00000000       0x70 ..\obj\stm32f4xx_syscfg.o
                                 0x71 (size before relaxing)
 .comment       0x00000000       0x71 ..\obj\stm32f4xx_usart.o
 .comment       0x00000000       0x71 ..\obj\startup_stm32f4xx.o
 .comment       0x00000000       0x71 ..\obj\main.o
 .comment       0x00000000       0x71 ..\obj\stm32f4xx_rcc.o
 .comment       0x00000000       0x71 ..\obj\stm32f4xx_adc.o
 .comment       0x00000000       0x71 ..\obj\stm32f4xx_gpio.o
 .comment       0x00000000       0x71 ..\obj\bsp.o
 .comment       0x00000000       0x71 ..\obj\stm32f4xx_exti.o
 .comment       0x00000000       0x71 ..\obj\misc.o
 .comment       0x00000000       0x71 ..\obj\stm32f4xx_tim.o

.ARM.attributes
                0x00000000       0x33
 .ARM.attributes
                0x00000000       0x33 ..\obj\stm32f4xx_syscfg.o
 .ARM.attributes
                0x00000033       0x33 ..\obj\stm32f4xx_usart.o
 .ARM.attributes
                0x00000066       0x33 ..\obj\startup_stm32f4xx.o
 .ARM.attributes
                0x00000099       0x33 ..\obj\main.o
 .ARM.attributes
                0x000000cc       0x33 ..\obj\stm32f4xx_rcc.o
 .ARM.attributes
                0x000000ff       0x33 ..\obj\stm32f4xx_adc.o
 .ARM.attributes
                0x00000132       0x33 ..\obj\stm32f4xx_gpio.o
 .ARM.attributes
                0x00000165       0x33 ..\obj\bsp.o
 .ARM.attributes
                0x00000198       0x33 ..\obj\stm32f4xx_exti.o
 .ARM.attributes
                0x000001cb       0x33 ..\obj\misc.o
 .ARM.attributes
                0x000001fe       0x33 ..\obj\stm32f4xx_tim.o
 .ARM.attributes
                0x00000231       0x1e c:/program files (x86)/gnu tools arm embedded/4.8 2014q2/bin/../lib/gcc/arm-none-eabi/4.8.4/armv7e-m\libgcc.a(_arm_addsubdf3.o)
 .ARM.attributes
                0x0000024f       0x1e c:/program files (x86)/gnu tools arm embedded/4.8 2014q2/bin/../lib/gcc/arm-none-eabi/4.8.4/armv7e-m\libgcc.a(_arm_muldivdf3.o)
 .ARM.attributes
                0x0000026d       0x1e c:/program files (x86)/gnu tools arm embedded/4.8 2014q2/bin/../lib/gcc/arm-none-eabi/4.8.4/armv7e-m\libgcc.a(_arm_fixunsdfsi.o)

.debug_frame    0x00000000     0x1d80
 .debug_frame   0x00000000       0xbc ..\obj\stm32f4xx_syscfg.o
 .debug_frame   0x000000bc      0x344 ..\obj\stm32f4xx_usart.o
 .debug_frame   0x00000400       0x48 ..\obj\startup_stm32f4xx.o
 .debug_frame   0x00000448       0xa0 ..\obj\main.o
 .debug_frame   0x000004e8      0x4d8 ..\obj\stm32f4xx_rcc.o
 .debug_frame   0x000009c0      0x434 ..\obj\stm32f4xx_adc.o
 .debug_frame   0x00000df4      0x19c ..\obj\stm32f4xx_gpio.o
 .debug_frame   0x00000f90      0x22c ..\obj\bsp.o
 .debug_frame   0x000011bc       0xec ..\obj\stm32f4xx_exti.o
 .debug_frame   0x000012a8       0x9c ..\obj\misc.o
 .debug_frame   0x00001344      0xa3c ..\obj\stm32f4xx_tim.o
